// Jest Snapshot v1, https://goo.gl/fbAQLP

exports[`Link changes the class when hovered 1`] = `
<div>
  <h1>
    Dashboard (TEST)
  </h1>
  <hr />
  <p>
    lorem posum item blah blah blah
  </p>
</div>
`;
